// Jest Snapshot v1, https://goo.gl/fbAQLP

exports[`InlineStartOverButton renders 1`] = `
<DocumentFragment>
  <mock-insightscommandbutton
    classname="inlineStartOverButton"
    data-automation-id="inline-start-over-button"
    insightscommandbuttoniconprops="[object Object]"
  >
    Start over
  </mock-insightscommandbutton>
</DocumentFragment>
`;

exports[`InlineStartOverButton renders: InsightsCommandButton props 1`] = `
{
  "children": "Start over",
  "className": "inlineStartOverButton",
  "data-automation-id": "inline-start-over-button",
  "insightsCommandButtonIconProps": {
    "icon": <FluentUIV9Icon
      iconName="ArrowClockwiseRegular"
    />,
  },
  "onClick": [Function],
}
`;
