// Jest Snapshot v1, https://goo.gl/fbAQLP

exports[`LoadAssessmentButton should render per the snapshot 1`] = `
<DocumentFragment>
  <mock-insightscommandbutton
    classname="___173moxi_0000000 f1t6ax4o fmntwad fgslppp f1dswenw f9hdeju f139oj5f f7otkfg"
    data-automation-id="load-assessment-button"
    insightscommandbuttoniconprops="[object Object]"
  >
    Load assessment
  </mock-insightscommandbutton>
</DocumentFragment>
`;

exports[`LoadAssessmentButton should render per the snapshot: InsightsCommandButton props 1`] = `
{
  "assessmentStoreData": undefined,
  "children": "Load assessment",
  "className": "___173moxi_0000000 f1t6ax4o fmntwad fgslppp f1dswenw f9hdeju f139oj5f f7otkfg",
  "data-automation-id": "load-assessment-button",
  "deps": undefined,
  "handleLoadAssessmentButtonClick": [Function],
  "insightsCommandButtonIconProps": {
    "icon": <FluentUIV9Icon
      iconName="FolderOpenRegular"
    />,
  },
  "onClick": [Function],
  "tabStoreData": undefined,
}
`;
