// Jest Snapshot v1, https://goo.gl/fbAQLP

exports[`ReportExportButton renders ReportExportButton 1`] = `
<DocumentFragment>
  <mock-insightscommandbutton
    classname="___173moxi_0000000 f1t6ax4o fmntwad fgslppp f1dswenw f9hdeju f139oj5f f7otkfg"
    data-automation-id="report-export-button"
    id="report-export-button"
    insightscommandbuttoniconprops="[object Object]"
  >
    Export result
  </mock-insightscommandbutton>
</DocumentFragment>
`;

exports[`ReportExportButton renders ReportExportButton: InsightsCommandButton props 1`] = `
{
  "children": "Export result",
  "className": "___173moxi_0000000 f1t6ax4o fmntwad fgslppp f1dswenw f9hdeju f139oj5f f7otkfg",
  "data-automation-id": "report-export-button",
  "id": "report-export-button",
  "insightsCommandButtonIconProps": {
    "icon": <FluentUIV9Icon
      iconName="ArrowExportRegular"
    />,
  },
  "onClick": [MockFunction],
  "showReportExportDialog": [MockFunction],
}
`;
