// Jest Snapshot v1, https://goo.gl/fbAQLP

exports[`TransferToAssessmentButton getTransferToAssessmentButton 1`] = `
<TransferToAssessmentButton
  deps={
    {
      "dataTransferViewController": [typemoq mock object],
    }
  }
/>
`;

exports[`TransferToAssessmentButton render 1`] = `
<DocumentFragment>
  <mock-insightscommandbutton
    classname="___173moxi_0000000 f1t6ax4o fmntwad fgslppp f1dswenw f9hdeju f139oj5f f7otkfg"
    data-automation-id="transfer-to-assessment-button"
    insightscommandbuttoniconprops="[object Object]"
  >
    Move to assessment
  </mock-insightscommandbutton>
</DocumentFragment>
`;

exports[`TransferToAssessmentButton render: InsightsCommandButton props 1`] = `
{
  "children": "Move to assessment",
  "className": "___173moxi_0000000 f1t6ax4o fmntwad fgslppp f1dswenw f9hdeju f139oj5f f7otkfg",
  "data-automation-id": "transfer-to-assessment-button",
  "insightsCommandButtonIconProps": {
    "icon": <FluentUIV9Icon
      iconName="FolderArrowRightRegular"
    />,
  },
  "isNarrowMode": undefined,
  "onClick": [Function],
}
`;
